[backblue.gif]
[fade.gif]
[index.html]
[www.dasco.kr/xe/common/js/jquery.min6188.js]
[www.dasco.kr/index.html]
[www.dasco.kr/xe/common/js/x.min17e6.js]
[www.dasco.kr/xe/common/js/xe.min17e6.js]
[www.dasco.kr/xe/widgets/content/skins/default/js/content_widget45ce.js]
[www.dasco.kr/xe/widgets/contentextended/skins/default/js/content_widget45ce.js]
[www.dasco.kr/xe/rss]
[www.dasco.kr/xe/atom]
[www.dasco.kr/xe/layouts/dong_a_layouts/img/common/main_logo.png]
[www.dasco.kr/xe/layouts/dong_a_layouts/images/switch_btn_ko.gif]
[www.dasco.kr/xe/layouts/dong_a_layouts/img/main/btn_news.gif]
[www.dasco.kr/xe/layouts/dong_a_layouts/img/main/btn_talent.png]
[www.dasco.kr/xe/layouts/dong_a_layouts/img/common/f_logo.png]
[www.dasco.kr/xe/layouts/dong_a_layouts/js/site.js]
[www.dasco.kr/xe/layouts/dong_a_layouts/js/web.js]
[www.dasco.kr/xe/layouts/dong_a_layouts/js/jquery.easing.1.3.js]
[www.dasco.kr/xe/addons/del-www/del-www51b8.js]
[www.dasco.kr/xe/addons/autolink/autolink80d6.js]
[www.dasco.kr/xe/index.html]
[www.dasco.kr/xe/common/img/msg.loading.gif]
[www.dasco.kr/xe/common/css/xe.minee44.css]
[www.dasco.kr/xe/layouts/dong_a_layouts/img/sub/intro_product_info01.jpg]
[www.dasco.kr/xe/layouts/dong_a_layouts/img/sub/intro_product_info02.jpg]
[www.dasco.kr/xe/layouts/dong_a_layouts/img/sub/intro_product_info03.jpg]
[www.dasco.kr/xe/layouts/dong_a_layouts/img/sub/intro_product_info04.jpg]
[www.dasco.kr/xe/layouts/dong_a_layouts/img/sub/intro_product_info05.jpg]
[www.dasco.kr/xe/layouts/dong_a_layouts/img/sub/intro_product_info06.jpg]
[www.dasco.kr/xe/layouts/dong_a_layouts/img/sub/intro_product_info07.jpg]
[www.dasco.kr/xe/layouts/dong_a_layouts/img/sub/wbm_01.png]
[www.dasco.kr/xe/layouts/dong_a_layouts/img/sub/intro_product_info01_ov.jpg]
[www.dasco.kr/xe/layouts/dong_a_layouts/img/sub/intro_product_info02_ov.jpg]
[www.dasco.kr/xe/layouts/dong_a_layouts/img/sub/intro_product_info03_ov.jpg]
[www.dasco.kr/xe/layouts/dong_a_layouts/img/sub/intro_product_info04_ov.jpg]
[www.dasco.kr/xe/layouts/dong_a_layouts/img/sub/intro_product_info05_ov.jpg]
[www.dasco.kr/xe/layouts/dong_a_layouts/img/sub/intro_product_info06_ov.jpg]
[www.dasco.kr/xe/layouts/dong_a_layouts/img/sub/intro_product_info07_ov.jpg]
[www.dasco.kr/xe/layouts/dong_a_layouts/img/sub/wbm_01_01.png]
[www.dasco.kr/xe/layouts/dong_a_layouts/img/sub_en/intro_product_info_en_01.jpg]
[www.dasco.kr/xe/layouts/dong_a_layouts/img/sub_en/intro_product_info_en_02.jpg]
[www.dasco.kr/xe/layouts/dong_a_layouts/img/sub_en/intro_product_info_en_03.jpg]
[www.dasco.kr/xe/layouts/dong_a_layouts/img/sub_en/intro_product_info_en_04.jpg]
[www.dasco.kr/xe/layouts/dong_a_layouts/img/sub_en/intro_product_info_en_05.jpg]
[www.dasco.kr/xe/layouts/dong_a_layouts/img/sub_en/intro_product_info_en_06.jpg]
[www.dasco.kr/xe/layouts/dong_a_layouts/img/sub_en/intro_product_info_en_07.jpg]
[www.dasco.kr/xe/layouts/dong_a_layouts/img/sub_en/wbm_01.png]
[www.dasco.kr/xe/layouts/dong_a_layouts/img/sub_en/intro_product_info01_en_ov.jpg]
[www.dasco.kr/xe/layouts/dong_a_layouts/img/sub_en/intro_product_info02_en_ov.jpg]
[www.dasco.kr/xe/layouts/dong_a_layouts/img/sub_en/intro_product_info03_en_ov.jpg]
[www.dasco.kr/xe/layouts/dong_a_layouts/img/sub_en/intro_product_info04_en_ov.jpg]
[www.dasco.kr/xe/layouts/dong_a_layouts/img/sub_en/intro_product_info05_en_ov.jpg]
[www.dasco.kr/xe/layouts/dong_a_layouts/img/sub_en/intro_product_info06_en_ov.jpg]
[www.dasco.kr/xe/layouts/dong_a_layouts/img/sub_en/intro_product_info07_en_ov.jpg]
[www.dasco.kr/xe/layouts/dong_a_layouts/img/sub_en/wbm_01_01.png]
[www.dasco.kr/xe/layouts/dong_a_layouts/img/sub/philosophy_02.png]
[www.dasco.kr/xe/layouts/dong_a_layouts/img/product/down_con_ov.png]
[www.dasco.kr/xe/layouts/dong_a_layouts/img/sub/ceo_02.png]
[www.dasco.kr/xe/layouts/dong_a_layouts/img/sub_en/ceo_02_en.png]
[www.dasco.kr/xe/layouts/dong_a_layouts/img/sub/rnd_02_01.jpg]
[www.dasco.kr/xe/layouts/dong_a_layouts/img/sub_en/rnd_02_01_en.jpg]
[www.dasco.kr/xe/layouts/dong_a_layouts/img/sub/bg_rnd_bullet.png]
[www.dasco.kr/xe/layouts/dong_a_layouts/img/sub/rnd_03_01.png]
[www.dasco.kr/xe/layouts/dong_a_layouts/img/sub_en/rnd_03_01_en.png]
[www.dasco.kr/xe/layouts/dong_a_layouts/img/sub/bg_product.jpg]
[www.dasco.kr/xe/layouts/dong_a_layouts/img/sub/sustain_img_02.jpg]
[www.dasco.kr/xe/layouts/dong_a_layouts/img/sub/sustain_img_03.jpg]
[www.dasco.kr/xe/layouts/dong_a_layouts/img/sub/sustain_img_04.jpg]
[www.dasco.kr/xe/layouts/dong_a_layouts/img/sub/con_Info01.png]
[www.dasco.kr/xe/layouts/dong_a_layouts/img/sub/con_Info02.png]
[www.dasco.kr/xe/layouts/dong_a_layouts/img/sub/con_Info03.png]
[www.dasco.kr/xe/layouts/dong_a_layouts/img/sub/con_Info04.png]
[www.dasco.kr/xe/layouts/dong_a_layouts/img/sub/con_Info05.png]
[www.dasco.kr/xe/layouts/dong_a_layouts/img/sub/con_Info06.png]
[www.dasco.kr/xe/layouts/dong_a_layouts/img/sub/con_Info07.png]
[www.dasco.kr/xe/layouts/dong_a_layouts/img/sub/all_menu_bl_1.gif]
[www.dasco.kr/xe/layouts/dong_a_layouts/img/sub/menu_line_bl_on.png]
[www.dasco.kr/xe/layouts/dong_a_layouts/css/style.css]
[www.dasco.kr/xe/modules/editor/styles/ckeditor_light/img/bg_qmark.gif]
[www.dasco.kr/xe/modules/editor/styles/ckeditor_light/style9d09.css]
[www.dasco.kr/xe/widgets/content/skins/default/img/white/buttonWidgetNavigation.gif]
[www.dasco.kr/xe/widgets/content/skins/default/img/white/buttonWidgetTab.gif]
[www.dasco.kr/xe/widgets/content/skins/default/img/white/lineTextDiv.gif]
[www.dasco.kr/xe/widgets/content/skins/default/img/black/buttonWidgetTab.gif]
[www.dasco.kr/xe/widgets/content/skins/default/img/black/lineTextDiv.gif]
[www.dasco.kr/xe/widgets/content/skins/default/css/widget45ce.css]
[www.dasco.kr/xe/files/faceOff/147/layoute71b.css]
[www.dasco.kr/xe/layouts/dong_a_layouts/images/visual_prev.png]
[www.dasco.kr/xe/layouts/dong_a_layouts/images/visual_next.png]
[www.dasco.kr/xe/layouts/dong_a_layouts/images/main_03.jpg]
[www.dasco.kr/xe/layouts/dong_a_layouts/images/main_02.jpg]
[www.dasco.kr/xe/layouts/dong_a_layouts/images/main_01.jpg]
[www.dasco.kr/xe/layouts/dong_a_layouts/images/main_en_03.jpg]
[www.dasco.kr/xe/layouts/dong_a_layouts/images/main_en_02.jpg]
[www.dasco.kr/xe/layouts/dong_a_layouts/images/main_en_01.jpg]
[www.dasco.kr/xe/layouts/dong_a_layouts/images/visual_prev_ov.png]
[www.dasco.kr/xe/layouts/dong_a_layouts/images/visual_next_ov.png]
[www.dasco.kr/xe/layouts/dong_a_layouts/css2/style.css]
[error.blueweb.co.kr/img/mail_logo.gif]
[error.blueweb.co.kr/img/mail_top01.gif]
[error.blueweb.co.kr/img/mail_top02.gif]
[error.blueweb.co.kr/img/mail_top03.gif]
[error.blueweb.co.kr/img/mail_top04.gif]
[error.blueweb.co.kr/img/mail_top05.gif]
[error.blueweb.co.kr/img/mail_top06.gif]
[error.blueweb.co.kr/img/mail_top07.gif]
[error.blueweb.co.kr/img/img_404.jpg]
[error.blueweb.co.kr/img/img_dateend2.jpg]
[error.blueweb.co.kr/img/img_error_404.gif]
[error.blueweb.co.kr/img/img_error_404bt_01.gif]
[error.blueweb.co.kr/img/img_error_404bt_02.gif]
[error.blueweb.co.kr/img/img_blueweb.gif]
[error.blueweb.co.kr/img/img_dateend_dot.gif]
[error.blueweb.co.kr/img/img_dateend_bottom.gif]
[error.blueweb.co.kr/40453b1.html]
[www.dasco.kr/xe/main.html]
[www.dasco.kr/xe/modules/member/skins/default/js/membere2bf.js]
[www.dasco.kr/xe/index8cb3.html]
[ajax.googleapis.com/ajax/libs/jquery/1/jquery.min.js]
[www.dasco.kr/xe/layouts/dong_a_layouts/js2/jquery.flexslider.js]
[www.dasco.kr/xe/layouts/dong_a_layouts/js2/shCore.js]
[www.dasco.kr/xe/layouts/dong_a_layouts/js2/shBrushXml.js]
[www.dasco.kr/xe/layouts/dong_a_layouts/js2/shBrushJScript.js]
[www.dasco.kr/xe/layouts/dong_a_layouts/js2/jquery.easing.js]
[www.dasco.kr/xe/layouts/dong_a_layouts/js2/jquery.mousewheel.js]
[www.dasco.kr/xe/layouts/dong_a_layouts/js2/demo.js]
[www.dasco.kr/new/neobanner.html]
[www.dasco.kr/xe/layouts/dong_a_layouts/img/sub/places_01.png]
[www.dasco.kr/xe/layouts/dong_a_layouts/img/sub/places_bot_01.png]
[www.dasco.kr/xe/layouts/dong_a_layouts/img/sub/places_bot_02.png]
[www.dasco.kr/xe/layouts/dong_a_layouts/img/sub/places_bot_02_1.png]
[www.dasco.kr/xe/layouts/dong_a_layouts/img/sub/places_bot_03.png]
[www.dasco.kr/xe/layouts/dong_a_layouts/img/sub/places_bot_04.png]
[www.dasco.kr/xe/places.html]
[www.dasco.kr/xe/modules/board/tpl/js/board.min5b39.js]
[www.dasco.kr/xe/files/cache/js_filter_compiled/d046d1841b9c79c545b82d3be892699d.ko.compiled640a.js]
[www.dasco.kr/xe/direct_contact.html]
[www.dasco.kr/xe/quote_contact.html]
[www.dasco.kr/xe/layouts/dong_a_layouts/img/product/deckplate_01_011.png]
[www.dasco.kr/xe/layouts/dong_a_layouts/img/product/deckplate_01_02.png]
[www.dasco.kr/xe/layouts/dong_a_layouts/img/product/deckplate_01_03.png]
[www.dasco.kr/xe/layouts/dong_a_layouts/img/product/deckplate_01_04.png]
[www.dasco.kr/xe/deckplate_01.html]
[www.dasco.kr/xe/layouts/dong_a_layouts/img/product/eco_friendly_01_011.png]
[www.dasco.kr/xe/layouts/dong_a_layouts/img/product/eco_friendly_01_02.png]
[www.dasco.kr/xe/layouts/dong_a_layouts/img/product/eco_friendly_01_04.jpg]
[www.dasco.kr/xe/layouts/dong_a_layouts/img/product/eco_friendly_01_05.png]
[www.dasco.kr/xe/layouts/dong_a_layouts/img/product/eco_friendly_01_06.png]
[www.dasco.kr/xe/eco_friendly_01.html]
[www.dasco.kr/xe/layouts/dong_a_layouts/img/product/soundproof_wall_01_011.png]
[www.dasco.kr/xe/layouts/dong_a_layouts/img/product/soundproof_wall_01_04.png]
[www.dasco.kr/xe/layouts/dong_a_layouts/img/product/soundproof_wall_01_02.jpg]
[www.dasco.kr/xe/soundproof_wall_01.html]
[www.dasco.kr/xe/layouts/dong_a_layouts/img/product/roadsafety_01_011.png]
[www.dasco.kr/xe/layouts/dong_a_layouts/img/product/roadsafety20.png]
[www.dasco.kr/xe/layouts/dong_a_layouts/img/product/roadsafety21.png]
[www.dasco.kr/xe/roadsafety_01.html]
[www.dasco.kr/xe/layouts/dong_a_layouts/img/product/insulator_01_01.png]
[www.dasco.kr/xe/layouts/dong_a_layouts/img/product/insulator_01_02.png]
[www.dasco.kr/xe/layouts/dong_a_layouts/img/product/insulator_01_tb_img01.jpg]
[www.dasco.kr/xe/layouts/dong_a_layouts/img/product/insulator_01_tb_img02.jpg]
[www.dasco.kr/xe/layouts/dong_a_layouts/img/product/insulator_01_tb_img03.jpg]
[www.dasco.kr/xe/layouts/dong_a_layouts/img/product/insulator_01_tb_img04.jpg]
[www.dasco.kr/xe/layouts/dong_a_layouts/img/product/insulator_01_04.png]
[www.dasco.kr/xe/layouts/dong_a_layouts/img/product/insulator_01_06.png]
[www.dasco.kr/xe/insulator_01.html]
[www.dasco.kr/xe/layouts/dong_a_layouts/img/product/wbm_01.png]
[www.dasco.kr/xe/layouts/dong_a_layouts/img/product/wbm_02.jpg]
[www.dasco.kr/xe/layouts/dong_a_layouts/img/product/wbm_03.jpg]
[www.dasco.kr/xe/layouts/dong_a_layouts/img/product/wbm_04.png]
[www.dasco.kr/xe/layouts/dong_a_layouts/img/product/wbm_05.png]
[www.dasco.kr/xe/layouts/dong_a_layouts/img/product/wbm_06.png]
[www.dasco.kr/xe/layouts/dong_a_layouts/img/product/wbm_07.png]
[www.dasco.kr/xe/layouts/dong_a_layouts/img/product/wbm_08.jpg]
[www.dasco.kr/xe/layouts/dong_a_layouts/img/product/wbm_09.png]
[www.dasco.kr/xe/layouts/dong_a_layouts/img/product/wbm_10.png]
[www.dasco.kr/xe/layouts/dong_a_layouts/img/product/wbm_11.png]
[www.dasco.kr/xe/layouts/dong_a_layouts/img/product/wbm_12.png]
[www.dasco.kr/xe/layouts/dong_a_layouts/img/product/wbm_13.png]
[www.dasco.kr/xe/page_GhWM51.html]
[www.dasco.kr/xe/layouts/dong_a_layouts/img/product/renewable_energy_01_01_01.png]
[www.dasco.kr/xe/layouts/dong_a_layouts/img/product/renewable_energy_01_01_02.png]
[www.dasco.kr/xe/layouts/dong_a_layouts/img/product/renewable_energy_new_01.png]
[www.dasco.kr/xe/layouts/dong_a_layouts/img/product/renewable_energy_new_02.png]
[www.dasco.kr/xe/layouts/dong_a_layouts/img/product/renewable_energy_new_03.png]
[www.dasco.kr/xe/layouts/dong_a_layouts/img/product/renewable_energy_new_04.png]
[www.dasco.kr/xe/layouts/dong_a_layouts/img/product/renewable_energy_new_05.png]
[www.dasco.kr/xe/layouts/dong_a_layouts/img/product/renewable_energy_new_06.png]
[www.dasco.kr/xe/layouts/dong_a_layouts/img/product/renewable_energy_new_07.png]
[www.dasco.kr/xe/layouts/dong_a_layouts/img/product/renewable_energy_new_08.png]
[www.dasco.kr/xe/layouts/dong_a_layouts/img/product/renewable_energy_new_09.png]
[www.dasco.kr/xe/layouts/dong_a_layouts/img/product/renewable_energy_new_10.png]
[www.dasco.kr/xe/layouts/dong_a_layouts/img/product/renewable_energy_new_11.png]
[www.dasco.kr/xe/layouts/dong_a_layouts/img/product/renewable_energy_new_12.png]
[www.dasco.kr/xe/layouts/dong_a_layouts/img/product/renewable_energy_new_13.png]
[www.dasco.kr/xe/layouts/dong_a_layouts/img/product/renewable_energy_new_14.png]
[www.dasco.kr/xe/layouts/dong_a_layouts/img/product/renewable_energy_new_15.png]
[www.dasco.kr/xe/layouts/dong_a_layouts/img/product/renewable_energy_new_16.png]
[www.dasco.kr/xe/layouts/dong_a_layouts/img/product/renewable_energy_new_17.png]
[www.dasco.kr/xe/layouts/dong_a_layouts/img/product/renewable_energy_new_18.png]
[www.dasco.kr/xe/renewable_energy_01.html]
[www.dasco.kr/xe/layouts/dong_a_layouts/img/product/eaterior_material_01_011.png]
[www.dasco.kr/xe/layouts/dong_a_layouts/img/product/eaterior_material_01_02.png]
[www.dasco.kr/xe/layouts/dong_a_layouts/img/product/eaterior_material_01_03.png]
[www.dasco.kr/xe/layouts/dong_a_layouts/img/product/eaterior_material_01_04.png]
[www.dasco.kr/xe/layouts/dong_a_layouts/img/product/eaterior_material_01_05.png]
[www.dasco.kr/xe/layouts/dong_a_layouts/img/product/eaterior_material_01_td_img01.jpg]
[www.dasco.kr/xe/layouts/dong_a_layouts/img/product/eaterior_material_01_td_img02.jpg]
[www.dasco.kr/xe/layouts/dong_a_layouts/img/product/eaterior_material_01_td_img03.jpg]
[www.dasco.kr/xe/layouts/dong_a_layouts/img/product/eaterior_material_01_td_img04.jpg]
[www.dasco.kr/xe/layouts/dong_a_layouts/img/product/eaterior_material_01_10.png]
[www.dasco.kr/xe/layouts/dong_a_layouts/img/product/eaterior_material_01_14.png]
[www.dasco.kr/xe/layouts/dong_a_layouts/img/product/eaterior_material_01_17.png]
[www.dasco.kr/xe/layouts/dong_a_layouts/img/product/eaterior_material_01_18.png]
[www.dasco.kr/xe/eaterior_material_01.html]
[www.dasco.kr/xe/layouts/dong_a_layouts/img/sub/intro_01.png]
[www.dasco.kr/xe/intro.html]
[www.dasco.kr/xe/philosophy.html]
[www.dasco.kr/xe/layouts/dong_a_layouts/img/sub/history_img03.png]
[www.dasco.kr/xe/history_01.html]
[maxcdn.bootstrapcdn.com/font-awesome/4.2.0/css/font-awesome.min.css]
[www.dasco.kr/xe/modules/document/tpl/icons/file.gif]
[www.dasco.kr/xe/files/cache/js_filter_compiled/1bdc15d63816408b99f674eb6a6ffcea.ko.compiled640a.js]
[www.dasco.kr/xe/files/cache/js_filter_compiled/9b007ee9f2af763bb3d35e4fb16498e9.ko.compiled640a.js]
[www.dasco.kr/xe/common/js/plugins/ui/jquery-ui.mina52b.js]
[www.dasco.kr/xe/common/js/plugins/ui/jquery.ui.datepicker-koa52b.js]
[www.dasco.kr/xe/modules/board/skins/sketchbook5/js/imagesloaded.pkgd.minbb3b.js]
[www.dasco.kr/xe/modules/board/skins/sketchbook5/js/jquery.cookiebb3b.js]
[www.dasco.kr/xe/modules/editor/skins/xpresseditor/js/xe_textarea.min07fc.js]
[www.dasco.kr/xe/modules/board/skins/sketchbook5/js/jquery.autogrowtextarea.minbb3b.js]
[www.dasco.kr/xe/modules/board/skins/sketchbook5/js/boardbb3b.js]
[www.dasco.kr/xe/modules/board/skins/sketchbook5/js/jquery.masonry.minbb3b.js]
[www.dasco.kr/xe/donga_news.html]
[www.dasco.kr/xe/layouts/dong_a_layouts/img/sub/talent_img01.jpg]
[www.dasco.kr/xe/layouts/dong_a_layouts/img/sub/talent_img02.gif]
[www.dasco.kr/xe/layouts/dong_a_layouts/img/sub/talent_img03.gif]
[www.dasco.kr/xe/layouts/dong_a_layouts/img/sub/talent_img04.gif]
[www.dasco.kr/xe/talent.html]
[www.dasco.kr/xe/user_terms.html]
[www.dasco.kr/xe/co_notice.html]
[www.dasco.kr/xe/ds_sitemap.html]
[cdn.jsdelivr.net/gh/openhiun/hangul@14c0f6faa2941116bb53001d6a7dcd5e82300c3f/nanumbarungothic.css]
[www.dasco.kr/xe/layouts/dong_a_layouts/css/reset.css]
[www.dasco.kr/xe/layouts/dong_a_layouts/img/common/gnb_t_parent.png]
[www.dasco.kr/xe/layouts/dong_a_layouts/img/common/bg_admin_set_ico.png]
[www.dasco.kr/xe/layouts/dong_a_layouts/img/common/bg_user_set_ico.png]
[www.dasco.kr/xe/layouts/dong_a_layouts/img/common/util_bar.gif]
[www.dasco.kr/xe/layouts/dong_a_layouts/img/common/top_util_arr.png]
[www.dasco.kr/xe/layouts/dong_a_layouts/img/main/main_quick03.png]
[www.dasco.kr/xe/layouts/dong_a_layouts/img/main/main_quick03_ov.png]
[www.dasco.kr/xe/layouts/dong_a_layouts/img/main/main_quick02.png]
[www.dasco.kr/xe/layouts/dong_a_layouts/img/main/main_quick02_ov.png]
[www.dasco.kr/xe/layouts/dong_a_layouts/img/main/main_quick01.png]
[www.dasco.kr/xe/layouts/dong_a_layouts/img/main/main_quick01_ov.png]
[www.dasco.kr/xe/layouts/dong_a_layouts/img/main/main_quick04.png]
[www.dasco.kr/xe/layouts/dong_a_layouts/img/main/main_quick04_ov.png]
[www.dasco.kr/xe/layouts/dong_a_layouts/img/main/btn_bui_detail.png]
[www.dasco.kr/xe/layouts/dong_a_layouts/img/main/bb01_ov.jpg]
[www.dasco.kr/xe/layouts/dong_a_layouts/img/main/bb02_ov.png]
[www.dasco.kr/xe/layouts/dong_a_layouts/img/main/bb03_ov.png]
[www.dasco.kr/xe/layouts/dong_a_layouts/img/main/bb04_ov.png]
[www.dasco.kr/xe/layouts/dong_a_layouts/img/main/bb05_ov.png]
[www.dasco.kr/xe/layouts/dong_a_layouts/img/main/bb06_ov.png]
[www.dasco.kr/xe/layouts/dong_a_layouts/img/main/bb07_ov.png]
[www.dasco.kr/xe/layouts/dong_a_layouts/img/main/bb08_ov.png]
[www.dasco.kr/xe/layouts/dong_a_layouts/img/main/bg_main_about.gif]
[www.dasco.kr/xe/layouts/dong_a_layouts/img/main/about_btn01.png]
[www.dasco.kr/xe/layouts/dong_a_layouts/img/main/about_btn01_ov.png]
[www.dasco.kr/xe/layouts/dong_a_layouts/img/main/about_btn02.png]
[www.dasco.kr/xe/layouts/dong_a_layouts/img/main/about_btn02_ov.png]
[www.dasco.kr/xe/layouts/dong_a_layouts/img/main/about_btn03.png]
[www.dasco.kr/xe/layouts/dong_a_layouts/img/main/about_btn03_ov.png]
[www.dasco.kr/xe/layouts/dong_a_layouts/img/main/about_en_btn01.png]
[www.dasco.kr/xe/layouts/dong_a_layouts/img/main/about_en_btn01_ov.png]
[www.dasco.kr/xe/layouts/dong_a_layouts/img/main/about_en_btn02.png]
[www.dasco.kr/xe/layouts/dong_a_layouts/img/main/about_en_btn02_ov.png]
[www.dasco.kr/xe/layouts/dong_a_layouts/img/main/bg_recruit.jpg]
[www.dasco.kr/xe/layouts/dong_a_layouts/img/main/bg_en_bot.png]
[www.dasco.kr/xe/layouts/dong_a_layouts/img/common/bg_f_bar.gif]
[www.dasco.kr/xe/layouts/dong_a_layouts/img/sub/bg_nav_home.png]
[www.dasco.kr/xe/layouts/dong_a_layouts/img/sub/bg_nav_arrow.png]
[www.dasco.kr/xe/layouts/dong_a_layouts/img/sub/top_sub01_01.jpg]
[www.dasco.kr/xe/layouts/dong_a_layouts/img/sub/top_sub02_01.jpg]
[www.dasco.kr/xe/layouts/dong_a_layouts/img/sub/top_sub03_01.jpg]
[www.dasco.kr/xe/layouts/dong_a_layouts/img/sub/top_sub04_01.jpg]
[www.dasco.kr/xe/layouts/dong_a_layouts/img/sub/top_sub05_01.jpg]
[www.dasco.kr/xe/layouts/dong_a_layouts/img/sub/top_sub06_01.jpg]
[www.dasco.kr/xe/layouts/dong_a_layouts/img/sub/top_sub07_01.jpg]
[www.dasco.kr/xe/layouts/dong_a_layouts/img/sub/bg_h4_bullet.png]
[www.dasco.kr/xe/layouts/dong_a_layouts/img/sub/bg_h4_bullet_tp2.png]
[www.dasco.kr/xe/layouts/dong_a_layouts/img/sub/bg_product_h5_bullet.gif]
[www.dasco.kr/xe/layouts/dong_a_layouts/css/layout.css]
[error.blueweb.co.kr/new_blueweb.css]
[www.dasco.kr/xe/index974a.html]
[www.dasco.kr/xe/modules/member/skins/default/css/membera429.css]
[www.dasco.kr/xe/index8cb3-2.html]
[www.dasco.kr/xe/files/cache/js_filter_compiled/0e7d258b23acc0418c311dfc4e4b8eca.ko.compileddc5e.js]
[www.dasco.kr/xe/files/cache/ruleset/e347937c897d93f3081d77b2aea6d934.ko57a9.js]
[www.dasco.kr/xe/files/cache/ruleset/1413ebd718acd7ff4f24402ac728da80.kodc5e.js]
[www.dasco.kr/xe/index20a4.html]
[www.dasco.kr/xe/accept_terms.html]
[www.dasco.kr/xe/layouts/dong_a_layouts/css2/flexslider.css]
[error.blueweb.co.kr/4049992.html]
[www.dasco.kr/xe/index2674.html]
[www.dasco.kr/xe/modules/message/skins/xedition/css/message9bc0.css]
[www.dasco.kr/xe/index8e56.html]
[www.dasco.kr/xe/index9275.html]
[www.dasco.kr/xe/indexd13a.html]
[www.dasco.kr/xe/index0ecf.html]
[www.dasco.kr/xe/index2bd6.html]
[www.dasco.kr/xe/index59b8.html]
[www.dasco.kr/xe/index5ad5.html]
[www.dasco.kr/xe/indexdb4a.html]
[www.dasco.kr/xe/indexcf44.html]
[www.dasco.kr/xe/index04fc.html]
[www.dasco.kr/xe/index35a9.html]
[www.dasco.kr/xe/indexbb58.html]
[www.dasco.kr/xe/indexa97f.html]
[www.dasco.kr/xe/common/js/plugins/ui/jquery-ui.mina52b.css]
[maxcdn.bootstrapcdn.com/font-awesome/4.2.0/css/font-awesome.min.css]
[www.dasco.kr/xe/modules/board/skins/sketchbook5/img/ie/btn.png]
[www.dasco.kr/xe/modules/board/skins/sketchbook5/img/ie/btn_blue.gif]
[www.dasco.kr/xe/modules/board/skins/sketchbook5/img/ie/bg_f_f9.gif]
[www.dasco.kr/xe/modules/board/skins/sketchbook5/img/white/ico_16px.png]
[www.dasco.kr/xe/modules/board/skins/sketchbook5/img/white/ico_32px.png]
[www.dasco.kr/xe/modules/board/skins/sketchbook5/img/sns_16.png]
[www.dasco.kr/xe/modules/board/skins/sketchbook5/img/sns.png]
[www.dasco.kr/xe/modules/board/skins/sketchbook5/img/white/edge.png]
[www.dasco.kr/xe/modules/board/skins/sketchbook5/img/ie/blk_op5.png]
[www.dasco.kr/xe/modules/board/skins/sketchbook5/img/blank.gif]
[www.dasco.kr/xe/modules/board/skins/sketchbook5/img/white/list_style.png]
[www.dasco.kr/xe/modules/board/skins/sketchbook5/img/black/edge.png]
[www.dasco.kr/xe/modules/board/skins/sketchbook5/img/ie/wh_op7.png]
[www.dasco.kr/xe/modules/document/tpl/icons/image.gif]
[www.dasco.kr/xe/modules/board/skins/sketchbook5/img/white/loading.gif]
[www.dasco.kr/xe/modules/board/skins/sketchbook5/img/ribbon/default.png]
[www.dasco.kr/xe/modules/board/skins/sketchbook5/img/ribbon/new.png]
[www.dasco.kr/xe/modules/board/skins/sketchbook5/img/ribbon/notice.png]
[www.dasco.kr/xe/modules/board/skins/sketchbook5/img/ribbon/update.png]
[www.dasco.kr/xe/modules/board/skins/sketchbook5/img/ie/blk_op7.png]
[www.dasco.kr/xe/modules/board/skins/sketchbook5/img/deco/tape.png]
[www.dasco.kr/xe/modules/board/skins/sketchbook5/img/footprint.png]
[www.dasco.kr/xe/modules/board/skins/sketchbook5/img/white/iconStarRating.gif]
[www.dasco.kr/xe/modules/board/skins/sketchbook5/img/sns_64.png]
[www.dasco.kr/xe/modules/board/skins/sketchbook5/css/boardbb3b.css]
[www.dasco.kr/xe/index9f34.html]
[www.dasco.kr/xe/index1c13.html]
[www.dasco.kr/xe/indexbd50.html]
[www.dasco.kr/xe/indexb2de.html]
[www.dasco.kr/xe/indexb4d2.html]
[cdn.jsdelivr.net/gh/openhiun/hangul@14c0f6faa2941116bb53001d6a7dcd5e82300c3f/NanumBarunGothicUltraLight.eot]
[cdn.jsdelivr.net/gh/openhiun/hangul@14c0f6faa2941116bb53001d6a7dcd5e82300c3f/NanumBarunGothicUltraLight.woff]
[cdn.jsdelivr.net/gh/openhiun/hangul@14c0f6faa2941116bb53001d6a7dcd5e82300c3f/NanumBarunGothicUltraLight.ttf]
[cdn.jsdelivr.net/gh/openhiun/hangul@14c0f6faa2941116bb53001d6a7dcd5e82300c3f/NanumBarunGothicLight.woff]
[cdn.jsdelivr.net/gh/openhiun/hangul@14c0f6faa2941116bb53001d6a7dcd5e82300c3f/NanumBarunGothicUltraLightd41d.eot]
[cdn.jsdelivr.net/gh/openhiun/hangul@14c0f6faa2941116bb53001d6a7dcd5e82300c3f/NanumBarunGothicLightd41d.eot]
[cdn.jsdelivr.net/gh/openhiun/hangul@14c0f6faa2941116bb53001d6a7dcd5e82300c3f/NanumBarunGothicLight.eot]
[cdn.jsdelivr.net/gh/openhiun/hangul@14c0f6faa2941116bb53001d6a7dcd5e82300c3f/NanumBarunGothic.woff]
[cdn.jsdelivr.net/gh/openhiun/hangul@14c0f6faa2941116bb53001d6a7dcd5e82300c3f/NanumBarunGothic.eot]
[cdn.jsdelivr.net/gh/openhiun/hangul@14c0f6faa2941116bb53001d6a7dcd5e82300c3f/NanumBarunGothicd41d.eot]
[cdn.jsdelivr.net/gh/openhiun/hangul@14c0f6faa2941116bb53001d6a7dcd5e82300c3f/NanumBarunGothicLight.ttf]
[cdn.jsdelivr.net/gh/openhiun/hangul@14c0f6faa2941116bb53001d6a7dcd5e82300c3f/NanumBarunGothic.ttf]
[cdn.jsdelivr.net/gh/openhiun/hangul@14c0f6faa2941116bb53001d6a7dcd5e82300c3f/NanumBarunGothicBold.woff]
[cdn.jsdelivr.net/gh/openhiun/hangul@14c0f6faa2941116bb53001d6a7dcd5e82300c3f/nanumbarungothic.css]
[cdn.jsdelivr.net/gh/openhiun/hangul@14c0f6faa2941116bb53001d6a7dcd5e82300c3f/NanumBarunGothicBold.eot]
[www.dasco.kr/xe/index20a4-2.html]
[www.dasco.kr/xe/indexcde5.html]
[cdn.jsdelivr.net/gh/openhiun/hangul@14c0f6faa2941116bb53001d6a7dcd5e82300c3f/NanumBarunGothicBoldd41d.eot]
[cdn.jsdelivr.net/gh/openhiun/hangul@14c0f6faa2941116bb53001d6a7dcd5e82300c3f/NanumBarunGothicBold.ttf]
[www.dasco.kr/xe/modules/member/tpl/js/signup_checkabe8.js]
[www.dasco.kr/xe/index3e0e.html]
[www.dasco.kr/xe/index3e0e-2.html]
